

================================================================
== Synthesis Summary Report of 'HLS_accel'
================================================================
+ General Information: 
    * Date:           Sat Apr 18 13:17:06 2026
    * Version:        2025.2 (Build 6295257 on Nov 14 2025)
    * Project:        hls_wrpd_sol
    * Solution:       hls (Vivado IP Flow Target)
    * Product family: zynq
    * Target device:  xc7z010-clg400-1
    

* Performance & Resource Estimates: 
+---------------------------------------------------------+------+---------------+----------+---------+------+----------+---------+-----------+------+----------+----------+------------+------------+-----+
|                         Modules                         | Issue|               | Iteration|         | Trip |          |       Latency       |      |          |          |            |            |     |
|                         & Loops                         | Type | Violation Type|  Latency | Interval| Count| Pipelined| (cycles)|    (ns)   | Slack|   BRAM   |    DSP   |     FF     |     LUT    | URAM|
+---------------------------------------------------------+------+---------------+----------+---------+------+----------+---------+-----------+------+----------+----------+------------+------------+-----+
|+ HLS_accel                                              |     -|              -|         -|     7353|     -|        no|     7352|  7.352e+04|  0.04|  26 (21%)|  40 (50%)|  9330 (26%)|  9173 (52%)|    -|
| + HLS_accel_Pipeline_VITIS_LOOP_103_1_VITIS_LOOP_104_2  |     -|              -|         -|        -|     -|       yes|     1027|  1.027e+04|  0.87|         -|         -|    34 (~0%)|   155 (~0%)|    -|
|  o VITIS_LOOP_103_1_VITIS_LOOP_104_2                    |     -|              -|         3|        1|  1024|       yes|     1025|  1.025e+04|  7.30|         -|         -|           -|           -|    -|
| + HLS_accel_Pipeline_VITIS_LOOP_112_3_VITIS_LOOP_113_4  |     -|              -|         -|        -|     -|       yes|     1027|  1.027e+04|  0.87|         -|         -|    38 (~0%)|   169 (~0%)|    -|
|  o VITIS_LOOP_112_3_VITIS_LOOP_113_4                    |     -|              -|         3|        1|  1024|       yes|     1025|  1.025e+04|  7.30|         -|         -|           -|           -|    -|
| + HLS_accel_Pipeline_L1_L2                              |     -|              -|         -|        -|     -|       yes|     4261|  4.261e+04|  0.04|         -|  40 (50%)|  9111 (25%)|  8190 (46%)|    -|
|  o L1_L2                                                |     -|              -|       168|        4|  1024|       yes|     4259|  4.259e+04|  7.30|         -|         -|           -|           -|    -|
| + HLS_accel_Pipeline_VITIS_LOOP_124_5_VITIS_LOOP_125_6  |     -|              -|         -|        -|     -|       yes|     1028|  1.028e+04|  0.87|         -|         -|    42 (~0%)|    188 (1%)|    -|
|  o VITIS_LOOP_124_5_VITIS_LOOP_125_6                    |     -|              -|         4|        1|  1024|       yes|     1026|  1.026e+04|  7.30|         -|         -|           -|           -|    -|
+---------------------------------------------------------+------+---------------+----------+---------+------+----------+---------+-----------+------+----------+----------+------------+------------+-----+
    Name Prefix: '+' for module, 'o' for loop, '*' for dataflow


================================================================
== HW Interfaces
================================================================
* S_AXILITE Interfaces
+-------------------+------------+---------------+
| Interface         | Data Width | Address Width |
+-------------------+------------+---------------+
| s_axi_CONTROL_BUS | 32         | 4             |
+-------------------+------------+---------------+

* S_AXILITE Registers
+-------------------+----------+--------+-------+--------+----------------------------------+----------------------------------------------------------------------+
| Interface         | Register | Offset | Width | Access | Description                      | Bit Fields                                                           |
+-------------------+----------+--------+-------+--------+----------------------------------+----------------------------------------------------------------------+
| s_axi_CONTROL_BUS | CTRL     | 0x00   | 32    | RW     | Control signals                  | 0=AP_START 1=AP_DONE 2=AP_IDLE 3=AP_READY 7=AUTO_RESTART 9=INTERRUPT |
| s_axi_CONTROL_BUS | GIER     | 0x04   | 32    | RW     | Global Interrupt Enable Register | 0=Enable                                                             |
| s_axi_CONTROL_BUS | IP_IER   | 0x08   | 32    | RW     | IP Interrupt Enable Register     | 0=CHAN0_INT_EN 1=CHAN1_INT_EN                                        |
| s_axi_CONTROL_BUS | IP_ISR   | 0x0c   | 32    | RW     | IP Interrupt Status Register     | 0=CHAN0_INT_ST 1=CHAN1_INT_ST                                        |
+-------------------+----------+--------+-------+--------+----------------------------------+----------------------------------------------------------------------+

* AXIS
+---------------+-----------+---------------+-------+-------+-----+-------+-------+--------+-------+-------+--------+
| Interface     | Direction | Register Mode | TDATA | TDEST | TID | TKEEP | TLAST | TREADY | TSTRB | TUSER | TVALID |
+---------------+-----------+---------------+-------+-------+-----+-------+-------+--------+-------+-------+--------+
| INPUT_STREAM  | in        | both          | 32    | 5     | 5   | 4     | 1     | 1      | 4     | 4     | 1      |
| OUTPUT_STREAM | out       | both          | 32    | 5     | 5   | 4     | 1     | 1      | 4     | 4     | 1      |
+---------------+-----------+---------------+-------+-------+-----+-------+-------+--------+-------+-------+--------+

* TOP LEVEL CONTROL
+-----------+------------+-----------+
| Interface | Type       | Ports     |
+-----------+------------+-----------+
| ap_clk    | clock      | ap_clk    |
| ap_rst_n  | reset      | ap_rst_n  |
| interrupt | interrupt  | interrupt |
| ap_ctrl   | ap_ctrl_hs |           |
+-----------+------------+-----------+


================================================================
== SW I/O Information
================================================================
* Top Function Arguments
+---------------+-----------+------------------------------------------------------------------------------+
| Argument      | Direction | Datatype                                                                     |
+---------------+-----------+------------------------------------------------------------------------------+
| INPUT_STREAM  | in        | stream<hls::axis<ap_uint<32>, 4UL, 5UL, 5UL, (unsigned char)'8', false>, 0>& |
| OUTPUT_STREAM | out       | stream<hls::axis<ap_uint<32>, 4UL, 5UL, 5UL, (unsigned char)'8', false>, 0>& |
+---------------+-----------+------------------------------------------------------------------------------+

* SW-to-HW Mapping
+---------------+---------------+-----------+
| Argument      | HW Interface  | HW Type   |
+---------------+---------------+-----------+
| INPUT_STREAM  | INPUT_STREAM  | interface |
| OUTPUT_STREAM | OUTPUT_STREAM | interface |
+---------------+---------------+-----------+


================================================================
== Bind Op Report
================================================================
+---------------------------------------------------------+-----+--------+----------------+--------+----------+---------+
| Name                                                    | DSP | Pragma | Variable       | Op     | Impl     | Latency |
+---------------------------------------------------------+-----+--------+----------------+--------+----------+---------+
| + HLS_accel                                             | 40  |        |                |        |          |         |
|  + HLS_accel_Pipeline_VITIS_LOOP_103_1_VITIS_LOOP_104_2 | 0   |        |                |        |          |         |
|    icmp_ln103_fu_146_p2                                 |     |        | icmp_ln103     | seteq  | auto     | 0       |
|    add_ln103_1_fu_152_p2                                |     |        | add_ln103_1    | add    | fabric   | 0       |
|    add_ln103_fu_214_p2                                  |     |        | add_ln103      | add    | fabric   | 0       |
|    icmp_ln104_fu_166_p2                                 |     |        | icmp_ln104     | seteq  | auto     | 0       |
|    select_ln103_fu_172_p3                               |     |        | select_ln103   | select | auto_sel | 0       |
|    select_ln103_1_fu_220_p3                             |     |        | select_ln103_1 | select | auto_sel | 0       |
|    icmp_ln107_fu_194_p2                                 |     |        | icmp_ln107     | seteq  | auto     | 0       |
|    add_ln104_fu_200_p2                                  |     |        | add_ln104      | add    | fabric   | 0       |
|  + HLS_accel_Pipeline_VITIS_LOOP_112_3_VITIS_LOOP_113_4 | 0   |        |                |        |          |         |
|    icmp_ln112_fu_148_p2                                 |     |        | icmp_ln112     | seteq  | auto     | 0       |
|    add_ln112_1_fu_154_p2                                |     |        | add_ln112_1    | add    | fabric   | 0       |
|    add_ln112_fu_171_p2                                  |     |        | add_ln112      | add    | fabric   | 0       |
|    icmp_ln113_fu_177_p2                                 |     |        | icmp_ln113     | seteq  | auto     | 0       |
|    select_ln112_fu_183_p3                               |     |        | select_ln112   | select | auto_sel | 0       |
|    select_ln112_1_fu_191_p3                             |     |        | select_ln112_1 | select | auto_sel | 0       |
|    icmp_ln116_fu_221_p2                                 |     |        | icmp_ln116     | seteq  | auto     | 0       |
|    add_ln116_fu_231_p2                                  |     |        | add_ln116      | add    | fabric   | 0       |
|    add_ln113_fu_237_p2                                  |     |        | add_ln113      | add    | fabric   | 0       |
|  + HLS_accel_Pipeline_L1_L2                             | 40  |        |                |        |          |         |
|    icmp_ln40_fu_802_p2                                  |     |        | icmp_ln40      | seteq  | auto     | 0       |
|    add_ln40_1_fu_808_p2                                 |     |        | add_ln40_1     | add    | fabric   | 0       |
|    add_ln40_fu_831_p2                                   |     |        | add_ln40       | add    | fabric   | 0       |
|    icmp_ln42_fu_817_p2                                  |     |        | icmp_ln42      | seteq  | auto     | 0       |
|    select_ln40_fu_837_p3                                |     |        | select_ln40    | select | auto_sel | 0       |
|    select_ln40_1_fu_843_p3                              |     |        | select_ln40_1  | select | auto_sel | 0       |
|    add_ln48_fu_924_p2                                   |     |        | add_ln48       | add    | fabric   | 0       |
|    add_ln48_1_fu_950_p2                                 |     |        | add_ln48_1     | add    | fabric   | 0       |
|    add_ln48_2_fu_1058_p2                                |     |        | add_ln48_2     | add    | fabric   | 0       |
|    add_ln48_3_fu_1078_p2                                |     |        | add_ln48_3     | add    | fabric   | 0       |
|    add_ln48_4_fu_1155_p2                                |     |        | add_ln48_4     | add    | fabric   | 0       |
|    add_ln48_5_fu_1179_p2                                |     |        | add_ln48_5     | add    | fabric   | 0       |
|    xor_ln48_fu_1279_p2                                  |     |        | xor_ln48       | xor    | auto     | 0       |
|    add_ln50_fu_1301_p2                                  |     |        | add_ln50       | add    | fabric   | 0       |
|    fmul_32ns_32ns_32_4_max_dsp_1_U27                    | 3   |        | mul_i_i        | fmul   | maxdsp   | 3       |
|    fadd_32ns_32ns_32_5_full_dsp_1_U19                   | 2   |        | sum            | fadd   | fulldsp  | 4       |
|    fmul_32ns_32ns_32_4_max_dsp_1_U28                    | 3   |        | mul_i_i_1      | fmul   | maxdsp   | 3       |
|    fadd_32ns_32ns_32_5_full_dsp_1_U19                   | 2   |        | sum_1          | fadd   | fulldsp  | 4       |
|    fmul_32ns_32ns_32_4_max_dsp_1_U29                    | 3   |        | mul_i_i_2      | fmul   | maxdsp   | 3       |
|    fadd_32ns_32ns_32_5_full_dsp_1_U19                   | 2   |        | sum_2          | fadd   | fulldsp  | 4       |
|    fmul_32ns_32ns_32_4_max_dsp_1_U30                    | 3   |        | mul_i_i_3      | fmul   | maxdsp   | 3       |
|    fadd_32ns_32ns_32_5_full_dsp_1_U19                   | 2   |        | sum_3          | fadd   | fulldsp  | 4       |
|    fmul_32ns_32ns_32_4_max_dsp_1_U27                    | 3   |        | mul_i_i_4      | fmul   | maxdsp   | 3       |
|    fadd_32ns_32ns_32_5_full_dsp_1_U20                   | 2   |        | sum_4          | fadd   | fulldsp  | 4       |
|    fmul_32ns_32ns_32_4_max_dsp_1_U28                    | 3   |        | mul_i_i_5      | fmul   | maxdsp   | 3       |
|    fadd_32ns_32ns_32_5_full_dsp_1_U20                   | 2   |        | sum_5          | fadd   | fulldsp  | 4       |
|    fmul_32ns_32ns_32_4_max_dsp_1_U29                    | 3   |        | mul_i_i_6      | fmul   | maxdsp   | 3       |
|    fadd_32ns_32ns_32_5_full_dsp_1_U20                   | 2   |        | sum_6          | fadd   | fulldsp  | 4       |
|    fmul_32ns_32ns_32_4_max_dsp_1_U30                    | 3   |        | mul_i_i_7      | fmul   | maxdsp   | 3       |
|    fadd_32ns_32ns_32_5_full_dsp_1_U20                   | 2   |        | sum_7          | fadd   | fulldsp  | 4       |
|    fmul_32ns_32ns_32_4_max_dsp_1_U27                    | 3   |        | mul_i_i_8      | fmul   | maxdsp   | 3       |
|    fadd_32ns_32ns_32_5_full_dsp_1_U21                   | 2   |        | sum_8          | fadd   | fulldsp  | 4       |
|    fmul_32ns_32ns_32_4_max_dsp_1_U28                    | 3   |        | mul_i_i_9      | fmul   | maxdsp   | 3       |
|    fadd_32ns_32ns_32_5_full_dsp_1_U21                   | 2   |        | sum_9          | fadd   | fulldsp  | 4       |
|    fmul_32ns_32ns_32_4_max_dsp_1_U29                    | 3   |        | mul_i_i_s      | fmul   | maxdsp   | 3       |
|    fadd_32ns_32ns_32_5_full_dsp_1_U21                   | 2   |        | sum_10         | fadd   | fulldsp  | 4       |
|    fmul_32ns_32ns_32_4_max_dsp_1_U30                    | 3   |        | mul_i_i_10     | fmul   | maxdsp   | 3       |
|    fadd_32ns_32ns_32_5_full_dsp_1_U21                   | 2   |        | sum_11         | fadd   | fulldsp  | 4       |
|    fmul_32ns_32ns_32_4_max_dsp_1_U27                    | 3   |        | mul_i_i_11     | fmul   | maxdsp   | 3       |
|    fadd_32ns_32ns_32_5_full_dsp_1_U22                   | 2   |        | sum_12         | fadd   | fulldsp  | 4       |
|    fmul_32ns_32ns_32_4_max_dsp_1_U28                    | 3   |        | mul_i_i_12     | fmul   | maxdsp   | 3       |
|    fadd_32ns_32ns_32_5_full_dsp_1_U22                   | 2   |        | sum_13         | fadd   | fulldsp  | 4       |
|    fmul_32ns_32ns_32_4_max_dsp_1_U29                    | 3   |        | mul_i_i_13     | fmul   | maxdsp   | 3       |
|    fadd_32ns_32ns_32_5_full_dsp_1_U22                   | 2   |        | sum_14         | fadd   | fulldsp  | 4       |
|    fmul_32ns_32ns_32_4_max_dsp_1_U30                    | 3   |        | mul_i_i_14     | fmul   | maxdsp   | 3       |
|    fadd_32ns_32ns_32_5_full_dsp_1_U22                   | 2   |        | sum_15         | fadd   | fulldsp  | 4       |
|    fmul_32ns_32ns_32_4_max_dsp_1_U31                    | 3   |        | mul_i_i_15     | fmul   | maxdsp   | 3       |
|    fadd_32ns_32ns_32_5_full_dsp_1_U23                   | 2   |        | sum_16         | fadd   | fulldsp  | 4       |
|    fmul_32ns_32ns_32_4_max_dsp_1_U32                    | 3   |        | mul_i_i_16     | fmul   | maxdsp   | 3       |
|    fadd_32ns_32ns_32_5_full_dsp_1_U23                   | 2   |        | sum_17         | fadd   | fulldsp  | 4       |
|    fmul_32ns_32ns_32_4_max_dsp_1_U33                    | 3   |        | mul_i_i_17     | fmul   | maxdsp   | 3       |
|    fadd_32ns_32ns_32_5_full_dsp_1_U23                   | 2   |        | sum_18         | fadd   | fulldsp  | 4       |
|    fmul_32ns_32ns_32_4_max_dsp_1_U34                    | 3   |        | mul_i_i_18     | fmul   | maxdsp   | 3       |
|    fadd_32ns_32ns_32_5_full_dsp_1_U23                   | 2   |        | sum_19         | fadd   | fulldsp  | 4       |
|    fmul_32ns_32ns_32_4_max_dsp_1_U31                    | 3   |        | mul_i_i_19     | fmul   | maxdsp   | 3       |
|    fadd_32ns_32ns_32_5_full_dsp_1_U24                   | 2   |        | sum_20         | fadd   | fulldsp  | 4       |
|    fmul_32ns_32ns_32_4_max_dsp_1_U32                    | 3   |        | mul_i_i_20     | fmul   | maxdsp   | 3       |
|    fadd_32ns_32ns_32_5_full_dsp_1_U24                   | 2   |        | sum_21         | fadd   | fulldsp  | 4       |
|    fmul_32ns_32ns_32_4_max_dsp_1_U33                    | 3   |        | mul_i_i_21     | fmul   | maxdsp   | 3       |
|    fadd_32ns_32ns_32_5_full_dsp_1_U24                   | 2   |        | sum_22         | fadd   | fulldsp  | 4       |
|    fmul_32ns_32ns_32_4_max_dsp_1_U34                    | 3   |        | mul_i_i_22     | fmul   | maxdsp   | 3       |
|    fadd_32ns_32ns_32_5_full_dsp_1_U24                   | 2   |        | sum_23         | fadd   | fulldsp  | 4       |
|    fmul_32ns_32ns_32_4_max_dsp_1_U31                    | 3   |        | mul_i_i_23     | fmul   | maxdsp   | 3       |
|    fadd_32ns_32ns_32_5_full_dsp_1_U25                   | 2   |        | sum_24         | fadd   | fulldsp  | 4       |
|    fmul_32ns_32ns_32_4_max_dsp_1_U32                    | 3   |        | mul_i_i_24     | fmul   | maxdsp   | 3       |
|    fadd_32ns_32ns_32_5_full_dsp_1_U25                   | 2   |        | sum_25         | fadd   | fulldsp  | 4       |
|    fmul_32ns_32ns_32_4_max_dsp_1_U33                    | 3   |        | mul_i_i_25     | fmul   | maxdsp   | 3       |
|    fadd_32ns_32ns_32_5_full_dsp_1_U25                   | 2   |        | sum_26         | fadd   | fulldsp  | 4       |
|    fmul_32ns_32ns_32_4_max_dsp_1_U34                    | 3   |        | mul_i_i_26     | fmul   | maxdsp   | 3       |
|    fadd_32ns_32ns_32_5_full_dsp_1_U25                   | 2   |        | sum_27         | fadd   | fulldsp  | 4       |
|    fmul_32ns_32ns_32_4_max_dsp_1_U31                    | 3   |        | mul_i_i_27     | fmul   | maxdsp   | 3       |
|    fadd_32ns_32ns_32_5_full_dsp_1_U26                   | 2   |        | sum_28         | fadd   | fulldsp  | 4       |
|    fmul_32ns_32ns_32_4_max_dsp_1_U32                    | 3   |        | mul_i_i_28     | fmul   | maxdsp   | 3       |
|    fadd_32ns_32ns_32_5_full_dsp_1_U26                   | 2   |        | sum_29         | fadd   | fulldsp  | 4       |
|    fmul_32ns_32ns_32_4_max_dsp_1_U33                    | 3   |        | mul_i_i_29     | fmul   | maxdsp   | 3       |
|    fadd_32ns_32ns_32_5_full_dsp_1_U26                   | 2   |        | sum_30         | fadd   | fulldsp  | 4       |
|    fmul_32ns_32ns_32_4_max_dsp_1_U34                    | 3   |        | mul_i_i_30     | fmul   | maxdsp   | 3       |
|    fadd_32ns_32ns_32_5_full_dsp_1_U26                   | 2   |        | sum_31         | fadd   | fulldsp  | 4       |
|    add_ln42_fu_974_p2                                   |     |        | add_ln42       | add    | fabric   | 0       |
|  + HLS_accel_Pipeline_VITIS_LOOP_124_5_VITIS_LOOP_125_6 | 0   |        |                |        |          |         |
|    icmp_ln124_fu_143_p2                                 |     |        | icmp_ln124     | seteq  | auto     | 0       |
|    add_ln124_1_fu_149_p2                                |     |        | add_ln124_1    | add    | fabric   | 0       |
|    add_ln124_fu_166_p2                                  |     |        | add_ln124      | add    | fabric   | 0       |
|    icmp_ln125_fu_172_p2                                 |     |        | icmp_ln125     | seteq  | auto     | 0       |
|    select_ln124_fu_178_p3                               |     |        | select_ln124   | select | auto_sel | 0       |
|    select_ln124_1_fu_186_p3                             |     |        | select_ln124_1 | select | auto_sel | 0       |
|    icmp_ln127_fu_206_p2                                 |     |        | icmp_ln127     | seteq  | auto     | 0       |
|    add_ln128_fu_216_p2                                  |     |        | add_ln128      | add    | fabric   | 0       |
|    icmp_ln127_1_fu_222_p2                               |     |        | icmp_ln127_1   | seteq  | auto     | 0       |
|    is_last_fu_228_p2                                    |     |        | is_last        | and    | auto     | 0       |
|    add_ln125_fu_234_p2                                  |     |        | add_ln125      | add    | fabric   | 0       |
+---------------------------------------------------------+-----+--------+----------------+--------+----------+---------+


================================================================
== Storage Report
================================================================
+-----------------------+--------------+-----------+------+------+--------+----------+------+---------+------------------+
| Name                  | Usage        | Type      | BRAM | URAM | Pragma | Variable | Impl | Latency | Bitwidth, Depth, |
|                       |              |           |      |      |        |          |      |         | Banks            |
+-----------------------+--------------+-----------+------+------+--------+----------+------+---------+------------------+
| + HLS_accel           |              |           | 26   | 0    |        |          |      |         |                  |
|   CONTROL_BUS_s_axi_U | interface    | s_axilite |      |      |        |          |      |         |                  |
|   a_U                 | rom_np array |           | 2    |      |        | a        | auto | 1       | 32, 512, 1       |
|   a_1_U               | rom_np array |           | 2    |      |        | a_1      | auto | 1       | 32, 512, 1       |
|   b_U                 | rom_np array |           | 2    |      |        | b        | auto | 1       | 32, 512, 1       |
|   b_1_U               | rom_np array |           | 2    |      |        | b_1      | auto | 1       | 32, 512, 1       |
|   out_U               | ram_1p array |           | 2    |      |        | out      | auto | 1       | 32, 1024, 1      |
+-----------------------+--------------+-----------+------+------+--------+----------+------+---------+------------------+


================================================================
== Pragma Report
================================================================
* Inferred Pragmas
+--------------+---------+---------------------------------------------------------------------+----------------------+
| Type         | Options | Location                                                            | Inferred From        |
+--------------+---------+---------------------------------------------------------------------+----------------------+
| LOOP_FLATTEN |         | loop L1 (./mmult.h:40:8) in hls_accel (mmult.h:40)                  | pipeline mmult.h:44  |
| LOOP_FLATTEN |         | loop VITIS_LOOP_103_1 (./mmult.h:103:23) in hls_accel (mmult.h:103) | pipeline mmult.h:105 |
| LOOP_FLATTEN |         | loop VITIS_LOOP_112_3 (./mmult.h:112:23) in hls_accel (mmult.h:112) | pipeline mmult.h:114 |
| LOOP_FLATTEN |         | loop VITIS_LOOP_124_5 (./mmult.h:124:23) in hls_accel (mmult.h:124) | pipeline mmult.h:126 |
+--------------+---------+---------------------------------------------------------------------+----------------------+

* Valid Pragma Syntax
+-----------------+------------------------------------------+-----------------------------------+
| Type            | Options                                  | Location                          |
+-----------------+------------------------------------------+-----------------------------------+
| INLINE          |                                          | in mmult_hw (mmult.h:36)          |
| ARRAY_PARTITION | variable=a block factor=FACTOR dim=2     | in mmult_hw (mmult.h:37)          |
| ARRAY_PARTITION | variable=b block factor=FACTOR dim=1     | in mmult_hw (mmult.h:38)          |
| PIPELINE        | ii=4                                     | in mmult_hw (mmult.h:44)          |
| INLINE          |                                          | in pop_stream (mmult.h:59)        |
| INLINE          |                                          | in push_stream (mmult.h:72)       |
| INLINE          |                                          | in wrapped_mmult_hw (mmult.h:96)  |
| PIPELINE        | ii=1                                     | in wrapped_mmult_hw (mmult.h:105) |
| PIPELINE        | ii=1                                     | in wrapped_mmult_hw (mmult.h:114) |
| PIPELINE        | ii=1                                     | in wrapped_mmult_hw (mmult.h:126) |
| INTERFACE       | s_axilite port=return bundle=CONTROL_BUS | in hls_accel (mmult_accel.cpp:12) |
| INTERFACE       | axis port=OUTPUT_STREAM                  | in hls_accel (mmult_accel.cpp:13) |
| INTERFACE       | axis port=INPUT_STREAM                   | in hls_accel (mmult_accel.cpp:14) |
+-----------------+------------------------------------------+-----------------------------------+


