

================================================================
== Synthesis Summary Report of 'standalone_mmult'
================================================================
+ General Information: 
    * Date:           Fri Apr 24 00:10:50 2026
    * Version:        2025.2 (Build 6295257 on Nov 14 2025)
    * Project:        hls_sol1
    * Solution:       hls (Vivado IP Flow Target)
    * Product family: zynq
    * Target device:  xc7z010-clg400-1
    

* Performance & Resource Estimates: 
+--------------------+------+---------------+----------+---------+------+----------+---------+-----------+------+------+--------+----------+----------+-----+
|       Modules      | Issue|               | Iteration|         | Trip |          |       Latency       |      |      |        |          |          |     |
|       & Loops      | Type | Violation Type|  Latency | Interval| Count| Pipelined| (cycles)|    (ns)   | Slack| BRAM |   DSP  |    FF    |    LUT   | URAM|
+--------------------+------+---------------+----------+---------+------+----------+---------+-----------+------+------+--------+----------+----------+-----+
|+ standalone_mmult  |     -|              -|         -|   329794|     -|        no|   329793|  3.298e+06|  0.04|     -|  5 (6%)|  482 (1%)|  935 (5%)|    -|
| o L1               |     -|              -|     10306|        -|    32|        no|   329792|  3.298e+06|  7.30|     -|       -|         -|         -|    -|
|  o L2              |     -|              -|       322|        -|    32|        no|    10304|  1.030e+05|  7.30|     -|       -|         -|         -|    -|
|   o L3             |     -|              -|        10|        -|    32|        no|      320|  3.200e+03|  7.30|     -|       -|         -|         -|    -|
+--------------------+------+---------------+----------+---------+------+----------+---------+-----------+------+------+--------+----------+----------+-----+
    Name Prefix: '+' for module, 'o' for loop, '*' for dataflow


================================================================
== HW Interfaces
================================================================
* AP_MEMORY
+------------+-----------+----------+
| Port       | Direction | Bitwidth |
+------------+-----------+----------+
| A_address0 | out       | 10       |
| A_q0       | in        | 32       |
| B_address0 | out       | 10       |
| B_q0       | in        | 32       |
| C_address0 | out       | 10       |
| C_d0       | out       | 32       |
+------------+-----------+----------+

* TOP LEVEL CONTROL
+-----------+------------+-----------------------------------+
| Interface | Type       | Ports                             |
+-----------+------------+-----------------------------------+
| ap_clk    | clock      | ap_clk                            |
| ap_rst    | reset      | ap_rst                            |
| ap_ctrl   | ap_ctrl_hs | ap_done ap_idle ap_ready ap_start |
+-----------+------------+-----------------------------------+


================================================================
== SW I/O Information
================================================================
* Top Function Arguments
+----------+-----------+----------+
| Argument | Direction | Datatype |
+----------+-----------+----------+
| A        | in        | float*   |
| B        | in        | float*   |
| C        | out       | float*   |
+----------+-----------+----------+

* SW-to-HW Mapping
+----------+--------------+---------+----------+
| Argument | HW Interface | HW Type | HW Usage |
+----------+--------------+---------+----------+
| A        | A_address0   | port    | offset   |
| A        | A_ce0        | port    |          |
| A        | A_q0         | port    |          |
| B        | B_address0   | port    | offset   |
| B        | B_ce0        | port    |          |
| B        | B_q0         | port    |          |
| C        | C_address0   | port    | offset   |
| C        | C_ce0        | port    |          |
| C        | C_we0        | port    |          |
| C        | C_d0         | port    |          |
+----------+--------------+---------+----------+


================================================================
== Bind Op Report
================================================================
+-------------------------------------+-----+--------+------------+-------+---------+---------+
| Name                                | DSP | Pragma | Variable   | Op    | Impl    | Latency |
+-------------------------------------+-----+--------+------------+-------+---------+---------+
| + standalone_mmult                  | 5   |        |            |       |         |         |
|   icmp_ln40_fu_145_p2               |     |        | icmp_ln40  | seteq | auto    | 0       |
|   add_ln40_fu_151_p2                |     |        | add_ln40   | add   | fabric  | 0       |
|   icmp_ln43_fu_169_p2               |     |        | icmp_ln43  | seteq | auto    | 0       |
|   add_ln43_fu_175_p2                |     |        | add_ln43   | add   | fabric  | 0       |
|   add_ln52_fu_185_p2                |     |        | add_ln52   | add   | fabric  | 0       |
|   icmp_ln47_fu_199_p2               |     |        | icmp_ln47  | seteq | auto    | 0       |
|   add_ln47_fu_205_p2                |     |        | add_ln47   | add   | fabric  | 0       |
|   add_ln50_fu_219_p2                |     |        | add_ln50   | add   | fabric  | 0       |
|   add_ln50_1_fu_237_p2              |     |        | add_ln50_1 | add   | fabric  | 0       |
|   fmul_32ns_32ns_32_4_max_dsp_1_U2  | 3   |        | mul_i      | fmul  | maxdsp  | 3       |
|   fadd_32ns_32ns_32_5_full_dsp_1_U1 | 2   |        | sum_1      | fadd  | fulldsp | 4       |
+-------------------------------------+-----+--------+------------+-------+---------+---------+


================================================================
== Storage Report
================================================================
  No bind storage info in design

================================================================
== Pragma Report
================================================================
* Valid Pragma Syntax
+-----------+------------------------------------------+-----------------------------------+
| Type      | Options                                  | Location                          |
+-----------+------------------------------------------+-----------------------------------+
| UNROLL    | off                                      | in mmult_hw (mmult.h:41)          |
| PIPELINE  | off                                      | in mmult_hw (mmult.h:42)          |
| UNROLL    | off                                      | in mmult_hw (mmult.h:44)          |
| PIPELINE  | off                                      | in mmult_hw (mmult.h:45)          |
| UNROLL    | off                                      | in mmult_hw (mmult.h:48)          |
| PIPELINE  | off                                      | in mmult_hw (mmult.h:49)          |
| INLINE    |                                          | in pop_stream (mmult.h:61)        |
| INLINE    |                                          | in push_stream (mmult.h:74)       |
| INLINE    |                                          | in wrapped_mmult_hw (mmult.h:98)  |
| PIPELINE  | ii=1                                     | in wrapped_mmult_hw (mmult.h:116) |
| PIPELINE  | ii=1                                     | in wrapped_mmult_hw (mmult.h:128) |
| INTERFACE | s_axilite port=return bundle=CONTROL_BUS | in hls_accel (mmult_accel.cpp:12) |
| INTERFACE | axis port=OUTPUT_STREAM                  | in hls_accel (mmult_accel.cpp:13) |
| INTERFACE | axis port=INPUT_STREAM                   | in hls_accel (mmult_accel.cpp:14) |
+-----------+------------------------------------------+-----------------------------------+


